top.a.b.c: mycategory: Message from C in category 'mycategory'
top.a.b.c: mycategory: Another message from C in category 'mycategory' with a newline char in the middle that should be converted to a ""
top.a.e.g: mycategory: Message from G. Should be seen by e_tap_mycategory, a_tap_mycategory
top.a.d: other_category: Message from D. Should be seen by top_tap_all, a_tap_all, and a_tap_stder
