top.a.e.g: warning: Another warning after removing the temporary tap on a
