<html><head><title>Report with Wildcard</title><style type='text/css'>
table {
  font-family:courier new, monospace;
}
table.report_table {
  border:1px solid #808080;
}
table.subreport_table {
  border:1px solid #808080;
}
.subreport_section {
  font-size:80%;
  text-align:left;
  font-style:italic;
  color:#505050;
}
th.tabletitle {
  padding:6px;
  text-align:left;
  font-family:Helvetica, Verdana, sans-serif;
  font-size:120%;
  border-bottom:3px solid #404040;
  background-color:#fffff0;
}
th.tablesection {
  font-weight:normal;  text-align:left;
  font-family:Helvetica, Verdana, sans-serif;
  font-size:80%;
  border-bottom:1px solid #404040;
  background-color:#d0d0d0;
}
th {
  font-size:95%;
  background-color:#d0d0d0;
  border-bottom:1px solid #707070;
  border-right:1px solid #C0C0C0;
  }
td {
  border-bottom:1px solid #707070;
  border-right:1px solid #C0C0C0;
}
td.name {
  font-size:80%;
  text-align:left;
  padding-right:4px;
  width:400px;
}
td.value {
  font-size:80%;
  width:180px;
  padding-left:8px;
  font-weight:bold;
}
td.expression {
  font-size:75%;
  color:#505050;
  padding-left:8px;
}
td.info {
  text-align:right;
  font-style:italic;  font-size:80%;  padding-right:20px;
}
span.info_span {
  font-style:italic;
  font-size:70%;
}
span.units_span {
  font-size:115%;
  color:#808080;
}
td.infoval {
  text-align:left;
  font-style:italic;
  font-size:90%;
}
td.subreport_td {
  text-align:left;
  padding:12px 8px 0px 16px;
}
</style>
<script>
function hideNode(name) {
    document.getElementById(name).style.display='none';
    document.getElementById(name + "_show").style.display='inline';
    document.getElementById(name + "_hide").style.display='none';
}
function showNode(name) {
    document.getElementById(name).style.display='block';
    document.getElementById(name + "_show").style.display='none';
    document.getElementById(name + "_hide").style.display='inline';
}
</script>
</head>
<body style='font-size:8px;'><table cellpadding=3 cellspacing=0 style='width:100%;' class='report_table'><thead><tr><th colspan=3 class='tabletitle'><input type="button" onclick="hideNode('Report with Wildcard_0');" id="Report with Wildcard_0_hide" value="-"><input type="button" onclick="showNode('Report with Wildcard_0');" id="Report with Wildcard_0_show" value="+" style='display:none;'>&nbsp;Report with Wildcard</th></tr></thead>
<tbody id="Report with Wildcard_0"><tr>

<td class='name' title='Counter 1 (NORMAL VIS)
top.core0.stats.c1'>top.core0.stats.c1</td>
<td class='value' title='Counter 1 (NORMAL VIS)
top.core0.stats.c1' style='' >&nbsp;3</td>
<td class='expression'>Counter 1 (NORMAL VIS)</td>
<tr>

<td class='name' title='Counter 1
top.core1.stats.c1'>top.core1.stats.c1</td>
<td class='value' title='Counter 1
top.core1.stats.c1' style='' >&nbsp;0</td>
<td class='expression'>Counter 1</td>
<tr>

<td class='name' title='Counter 3 (HIDDEN VIS)
top.core0.stats.c3'>stat_0_wild</td>
<td class='value' title='Counter 3 (HIDDEN VIS)
top.core0.stats.c3' style='' >&nbsp;9</td>
<td class='expression'>Counter 3 (HIDDEN VIS)</td>
<tr>

<td class='name' title='Counter 3
top.core1.stats.c3'>stat_1_wild</td>
<td class='value' title='Counter 3
top.core1.stats.c3' style='' >&nbsp;0</td>
<td class='expression'>Counter 3</td>
<tr>

<td class='name' title='Counter 4 (NORMAL VIS)
top.core0.stats.c4'>top.core0.stats.c4_stat_wild</td>
<td class='value' title='Counter 4 (NORMAL VIS)
top.core0.stats.c4' style='' >12</td>
<td class='expression'>Counter 4 (NORMAL VIS)</td>
<tr>

<td class='name' title='Counter 4
top.core1.stats.c4'>top.core1.stats.c4_stat_wild</td>
<td class='value' title='Counter 4
top.core1.stats.c4' style='' >&nbsp;0</td>
<td class='expression'>Counter 4</td>
</tr>
</tbody>
</table></body></html>
